<?xml version="1.0" encoding="UTF-8"?>
<testsuites>
    <testsuite name="as-a-user-of-systembolagets-online-shop;a-person-want-to-change-the-quantity-of-a-beverage" tests="3" failures="0" skipped="0">
        <properties>
            <property name="URI" value="/Users/Ajay/Documents/OOP/sel-cucumber-scenario-with-some-shop-code/features/change-quantity.feature">
            </property>
        </properties>
        <testcase name="Given that user has already added a product in their shopping cart" classname="as-a-user-of-systembolagets-online-shop;a-person-want-to-change-the-quantity-of-a-beverage" time="0.000324863">
        </testcase>
        <testcase name="When the user changes the quantity of the beverage in the cart" classname="as-a-user-of-systembolagets-online-shop;a-person-want-to-change-the-quantity-of-a-beverage" time="0.000102565">
        </testcase>
        <testcase name="Then the quantity should be changed in the shopping cart" classname="as-a-user-of-systembolagets-online-shop;a-person-want-to-change-the-quantity-of-a-beverage" time="0.000074152">
        </testcase>
    </testsuite>
    <testsuite name="warn-about-underage;when-we-don&apos;t-know-that-age-of-a-user-ask-for-it" tests="3" failures="0" skipped="0">
        <properties>
            <property name="URI" value="/Users/Ajay/Documents/OOP/sel-cucumber-scenario-with-some-shop-code/features/check-age.feature">
            </property>
        </properties>
        <testcase name="Given that we don&apos;t know the age of user / not registrered" classname="warn-about-underage;when-we-don&apos;t-know-that-age-of-a-user-ask-for-it" time="0.000148091">
        </testcase>
        <testcase name="When the user tries to see our products" classname="warn-about-underage;when-we-don&apos;t-know-that-age-of-a-user-ask-for-it" time="0.001700159">
        </testcase>
        <testcase name="Then ask the user for to register" classname="warn-about-underage;when-we-don&apos;t-know-that-age-of-a-user-ask-for-it" time="0.000225061">
        </testcase>
    </testsuite>
    <testsuite name="warn-about-underage;when-a-user-with-the-age-15-tries-to-see-our-products-then-a-warning-should--be-displayed" tests="3" failures="0" skipped="0">
        <properties>
            <property name="URI" value="/Users/Ajay/Documents/OOP/sel-cucumber-scenario-with-some-shop-code/features/check-age.feature">
            </property>
        </properties>
        <testcase name="Given that I am a registrered user with a known age of &quot;15&quot;" classname="warn-about-underage;when-a-user-with-the-age-15-tries-to-see-our-products-then-a-warning-should--be-displayed" time="0.000293011">
        </testcase>
        <testcase name="When the user tries to see our products" classname="warn-about-underage;when-a-user-with-the-age-15-tries-to-see-our-products-then-a-warning-should--be-displayed" time="0.00017068">
        </testcase>
        <testcase name="Then a warning should &quot;&quot; be displayed" classname="warn-about-underage;when-a-user-with-the-age-15-tries-to-see-our-products-then-a-warning-should--be-displayed" time="0.000099838">
        </testcase>
    </testsuite>
    <testsuite name="warn-about-underage;when-a-user-with-the-age-19-tries-to-see-our-products-then-a-warning-should--be-displayed" tests="3" failures="0" skipped="0">
        <properties>
            <property name="URI" value="/Users/Ajay/Documents/OOP/sel-cucumber-scenario-with-some-shop-code/features/check-age.feature">
            </property>
        </properties>
        <testcase name="Given that I am a registrered user with a known age of &quot;19&quot;" classname="warn-about-underage;when-a-user-with-the-age-19-tries-to-see-our-products-then-a-warning-should--be-displayed" time="0.000125866">
        </testcase>
        <testcase name="When the user tries to see our products" classname="warn-about-underage;when-a-user-with-the-age-19-tries-to-see-our-products-then-a-warning-should--be-displayed" time="0.000128763">
        </testcase>
        <testcase name="Then a warning should &quot;&quot; be displayed" classname="warn-about-underage;when-a-user-with-the-age-19-tries-to-see-our-products-then-a-warning-should--be-displayed" time="0.000040144">
        </testcase>
    </testsuite>
    <testsuite name="warn-about-underage;when-a-user-with-the-age-25-tries-to-see-our-products-then-a-warning-should-not-be-displayed" tests="3" failures="0" skipped="0">
        <properties>
            <property name="URI" value="/Users/Ajay/Documents/OOP/sel-cucumber-scenario-with-some-shop-code/features/check-age.feature">
            </property>
        </properties>
        <testcase name="Given that I am a registrered user with a known age of &quot;25&quot;" classname="warn-about-underage;when-a-user-with-the-age-25-tries-to-see-our-products-then-a-warning-should-not-be-displayed" time="0.000050222">
        </testcase>
        <testcase name="When the user tries to see our products" classname="warn-about-underage;when-a-user-with-the-age-25-tries-to-see-our-products-then-a-warning-should-not-be-displayed" time="0.000114995">
        </testcase>
        <testcase name="Then a warning should &quot;not&quot; be displayed" classname="warn-about-underage;when-a-user-with-the-age-25-tries-to-see-our-products-then-a-warning-should-not-be-displayed" time="0.000043777">
        </testcase>
    </testsuite>
    <testsuite name="warn-about-underage;when-a-user-with-the-age-40-tries-to-see-our-products-then-a-warning-should-not-be-displayed" tests="3" failures="0" skipped="0">
        <properties>
            <property name="URI" value="/Users/Ajay/Documents/OOP/sel-cucumber-scenario-with-some-shop-code/features/check-age.feature">
            </property>
        </properties>
        <testcase name="Given that I am a registrered user with a known age of &quot;40&quot;" classname="warn-about-underage;when-a-user-with-the-age-40-tries-to-see-our-products-then-a-warning-should-not-be-displayed" time="0.000050635">
        </testcase>
        <testcase name="When the user tries to see our products" classname="warn-about-underage;when-a-user-with-the-age-40-tries-to-see-our-products-then-a-warning-should-not-be-displayed" time="0.000088577">
        </testcase>
        <testcase name="Then a warning should &quot;not&quot; be displayed" classname="warn-about-underage;when-a-user-with-the-age-40-tries-to-see-our-products-then-a-warning-should-not-be-displayed" time="0.000034638">
        </testcase>
    </testsuite>
    <testsuite name="as-a-user-of-systembolagets-online-shop;a-person-want-to-add-certain-quantity-of-beverage-to-his-shopping-cart" tests="5" failures="0" skipped="0">
        <properties>
            <property name="URI" value="/Users/Ajay/Documents/OOP/sel-cucumber-scenario-with-some-shop-code/features/create-product.feature">
            </property>
        </properties>
        <testcase name="Given the person is a registered user" classname="as-a-user-of-systembolagets-online-shop;a-person-want-to-add-certain-quantity-of-beverage-to-his-shopping-cart" time="0.000132667">
        </testcase>
        <testcase name="And the user is viewing a certain product" classname="as-a-user-of-systembolagets-online-shop;a-person-want-to-add-certain-quantity-of-beverage-to-his-shopping-cart" time="0.000098248">
        </testcase>
        <testcase name="And the quantity has been set to 3" classname="as-a-user-of-systembolagets-online-shop;a-person-want-to-add-certain-quantity-of-beverage-to-his-shopping-cart" time="0.000100503">
        </testcase>
        <testcase name="When the user clicks &quot;Add to cart&quot;" classname="as-a-user-of-systembolagets-online-shop;a-person-want-to-add-certain-quantity-of-beverage-to-his-shopping-cart" time="0.000133699">
        </testcase>
        <testcase name="Then the product with the quantity of 3 should be added to the user&apos;s shopping cart" classname="as-a-user-of-systembolagets-online-shop;a-person-want-to-add-certain-quantity-of-beverage-to-his-shopping-cart" time="0.00012038">
        </testcase>
    </testsuite>
    <testsuite name="create-persons;a-person-has-a-name-and-age" tests="6" failures="0" skipped="0">
        <properties>
            <property name="URI" value="/Users/Ajay/Documents/OOP/sel-cucumber-scenario-with-some-shop-code/features/creating-persons.feature">
            </property>
        </properties>
        <testcase name="Given that we have a name as a non-empty string" classname="create-persons;a-person-has-a-name-and-age" time="0.000170838">
        </testcase>
        <testcase name="And an age as a number" classname="create-persons;a-person-has-a-name-and-age" time="0.000090589">
        </testcase>
        <testcase name="When I try to create a person with this data" classname="create-persons;a-person-has-a-name-and-age" time="0.001376772">
        </testcase>
        <testcase name="Then a new person should be created" classname="create-persons;a-person-has-a-name-and-age" time="0.000128751">
        </testcase>
        <testcase name="And have the properties name and age" classname="create-persons;a-person-has-a-name-and-age" time="0.000112751">
        </testcase>
        <testcase name="And the properties should be equal to our original data" classname="create-persons;a-person-has-a-name-and-age" time="0.000162025">
        </testcase>
    </testsuite>
    <testsuite name="create-persons;a-person-should-have-a-name-that-is-not-a-number" tests="3" failures="0" skipped="0">
        <properties>
            <property name="URI" value="/Users/Ajay/Documents/OOP/sel-cucumber-scenario-with-some-shop-code/features/creating-persons.feature">
            </property>
        </properties>
        <testcase name="Given that we have a name that is of the data type &quot;number&quot;" classname="create-persons;a-person-should-have-a-name-that-is-not-a-number" time="0.000158117">
        </testcase>
        <testcase name="When we try to create a person" classname="create-persons;a-person-should-have-a-name-that-is-not-a-number" time="0.000507126">
        </testcase>
        <testcase name="Then we should get a runtime error" classname="create-persons;a-person-should-have-a-name-that-is-not-a-number" time="0.000121096">
        </testcase>
    </testsuite>
    <testsuite name="create-persons;a-person-should-have-a-name-that-is-not-a-boolean-true" tests="3" failures="0" skipped="0">
        <properties>
            <property name="URI" value="/Users/Ajay/Documents/OOP/sel-cucumber-scenario-with-some-shop-code/features/creating-persons.feature">
            </property>
        </properties>
        <testcase name="Given that we have a name that is of the data type &quot;boolean true&quot;" classname="create-persons;a-person-should-have-a-name-that-is-not-a-boolean-true" time="0.000047632">
        </testcase>
        <testcase name="When we try to create a person" classname="create-persons;a-person-should-have-a-name-that-is-not-a-boolean-true" time="0.000116669">
        </testcase>
        <testcase name="Then we should get a runtime error" classname="create-persons;a-person-should-have-a-name-that-is-not-a-boolean-true" time="0.000056581">
        </testcase>
    </testsuite>
    <testsuite name="create-persons;a-person-should-have-a-name-that-is-not-a-boolean-false" tests="3" failures="0" skipped="0">
        <properties>
            <property name="URI" value="/Users/Ajay/Documents/OOP/sel-cucumber-scenario-with-some-shop-code/features/creating-persons.feature">
            </property>
        </properties>
        <testcase name="Given that we have a name that is of the data type &quot;boolean false&quot;" classname="create-persons;a-person-should-have-a-name-that-is-not-a-boolean-false" time="0.000051239">
        </testcase>
        <testcase name="When we try to create a person" classname="create-persons;a-person-should-have-a-name-that-is-not-a-boolean-false" time="0.000067272">
        </testcase>
        <testcase name="Then we should get a runtime error" classname="create-persons;a-person-should-have-a-name-that-is-not-a-boolean-false" time="0.000047995">
        </testcase>
    </testsuite>
    <testsuite name="create-persons;a-person-should-have-a-name-that-is-not-a-array" tests="3" failures="0" skipped="0">
        <properties>
            <property name="URI" value="/Users/Ajay/Documents/OOP/sel-cucumber-scenario-with-some-shop-code/features/creating-persons.feature">
            </property>
        </properties>
        <testcase name="Given that we have a name that is of the data type &quot;array&quot;" classname="create-persons;a-person-should-have-a-name-that-is-not-a-array" time="0.000047081">
        </testcase>
        <testcase name="When we try to create a person" classname="create-persons;a-person-should-have-a-name-that-is-not-a-array" time="0.000112965">
        </testcase>
        <testcase name="Then we should get a runtime error" classname="create-persons;a-person-should-have-a-name-that-is-not-a-array" time="0.00007835">
        </testcase>
    </testsuite>
    <testsuite name="create-persons;a-person-should-have-a-name-that-is-not-a-object" tests="3" failures="0" skipped="0">
        <properties>
            <property name="URI" value="/Users/Ajay/Documents/OOP/sel-cucumber-scenario-with-some-shop-code/features/creating-persons.feature">
            </property>
        </properties>
        <testcase name="Given that we have a name that is of the data type &quot;object&quot;" classname="create-persons;a-person-should-have-a-name-that-is-not-a-object" time="0.000061767">
        </testcase>
        <testcase name="When we try to create a person" classname="create-persons;a-person-should-have-a-name-that-is-not-a-object" time="0.000143886">
        </testcase>
        <testcase name="Then we should get a runtime error" classname="create-persons;a-person-should-have-a-name-that-is-not-a-object" time="0.000176976">
        </testcase>
    </testsuite>
    <testsuite name="create-persons;a-person-should-have-a-name-that-is-not-a-null" tests="3" failures="0" skipped="0">
        <properties>
            <property name="URI" value="/Users/Ajay/Documents/OOP/sel-cucumber-scenario-with-some-shop-code/features/creating-persons.feature">
            </property>
        </properties>
        <testcase name="Given that we have a name that is of the data type &quot;null&quot;" classname="create-persons;a-person-should-have-a-name-that-is-not-a-null" time="0.000068905">
        </testcase>
        <testcase name="When we try to create a person" classname="create-persons;a-person-should-have-a-name-that-is-not-a-null" time="0.00011372">
        </testcase>
        <testcase name="Then we should get a runtime error" classname="create-persons;a-person-should-have-a-name-that-is-not-a-null" time="0.000074239">
        </testcase>
    </testsuite>
    <testsuite name="create-persons;a-person-should-have-a-name-that-is-not-a-undefined" tests="3" failures="0" skipped="0">
        <properties>
            <property name="URI" value="/Users/Ajay/Documents/OOP/sel-cucumber-scenario-with-some-shop-code/features/creating-persons.feature">
            </property>
        </properties>
        <testcase name="Given that we have a name that is of the data type &quot;undefined&quot;" classname="create-persons;a-person-should-have-a-name-that-is-not-a-undefined" time="0.000070901">
        </testcase>
        <testcase name="When we try to create a person" classname="create-persons;a-person-should-have-a-name-that-is-not-a-undefined" time="0.000111117">
        </testcase>
        <testcase name="Then we should get a runtime error" classname="create-persons;a-person-should-have-a-name-that-is-not-a-undefined" time="0.000105773">
        </testcase>
    </testsuite>
    <testsuite name="create-persons;a-person-should-have-a-name-that-is-not-a-empty-string" tests="3" failures="0" skipped="0">
        <properties>
            <property name="URI" value="/Users/Ajay/Documents/OOP/sel-cucumber-scenario-with-some-shop-code/features/creating-persons.feature">
            </property>
        </properties>
        <testcase name="Given that we have a name that is of the data type &quot;empty string&quot;" classname="create-persons;a-person-should-have-a-name-that-is-not-a-empty-string" time="0.000070647">
        </testcase>
        <testcase name="When we try to create a person" classname="create-persons;a-person-should-have-a-name-that-is-not-a-empty-string" time="0.000073202">
        </testcase>
        <testcase name="Then we should get a runtime error" classname="create-persons;a-person-should-have-a-name-that-is-not-a-empty-string" time="0.000047506">
        </testcase>
    </testsuite>
    <testsuite name="as-a-user-of-systembolagets-online-shop;a-person-want-to-remove-a-beverage" tests="3" failures="0" skipped="0">
        <properties>
            <property name="URI" value="/Users/Ajay/Documents/OOP/sel-cucumber-scenario-with-some-shop-code/features/delete-quantity.feature">
            </property>
        </properties>
        <testcase name="Given that user has already added a product in their shopping cart" classname="as-a-user-of-systembolagets-online-shop;a-person-want-to-remove-a-beverage" time="0.000045125">
        </testcase>
        <testcase name="When the user removes the the beverage in the cart" classname="as-a-user-of-systembolagets-online-shop;a-person-want-to-remove-a-beverage" time="0.000097665">
        </testcase>
        <testcase name="Then the beverage should be removed in the shopping cart" classname="as-a-user-of-systembolagets-online-shop;a-person-want-to-remove-a-beverage" time="0.000052145">
        </testcase>
    </testsuite>
</testsuites>